2026-09-08T01:58:33.226-03:00  INFO 21576 --- [sERPent] [main] com.sERPentApplication                   : Starting sERPentApplication using Java 21.0.8 with PID 21576 (C:\Users\ignac\Desktop\sERPent project\sERPent-back-end\sERPent\target\classes started by ignac in C:\Users\ignac\Desktop\sERPent project\sERPent-back-end)
2026-09-08T01:58:33.228-03:00  INFO 21576 --- [sERPent] [main] com.sERPentApplication                   : The following 1 profile is active: "prod"
2026-09-08T01:58:34.262-03:00  INFO 21576 --- [sERPent] [main] .s.d.r.c.RepositoryConfigurationDelegate : Bootstrapping Spring Data JPA repositories in DEFAULT mode.
2026-09-08T01:58:34.597-03:00  INFO 21576 --- [sERPent] [main] .s.d.r.c.RepositoryConfigurationDelegate : Finished Spring Data repository scanning in 327 ms. Found 28 JPA repository interfaces.
2026-09-08T01:58:35.133-03:00  INFO 21576 --- [sERPent] [main] o.s.b.w.embedded.tomcat.TomcatWebServer  : Tomcat initialized with port 8080 (http)
2026-09-08T01:58:35.145-03:00  INFO 21576 --- [sERPent] [main] o.apache.catalina.core.StandardService   : Starting service [Tomcat]
2026-09-08T01:58:35.145-03:00  INFO 21576 --- [sERPent] [main] o.apache.catalina.core.StandardEngine    : Starting Servlet engine: [Apache Tomcat/10.1.34]
2026-09-08T01:58:35.212-03:00  INFO 21576 --- [sERPent] [main] o.a.c.c.C.[Tomcat].[localhost].[/]       : Initializing Spring embedded WebApplicationContext
2026-09-08T01:58:35.213-03:00  INFO 21576 --- [sERPent] [main] w.s.c.ServletWebServerApplicationContext : Root WebApplicationContext: initialization completed in 1945 ms
2026-09-08T01:58:35.229-03:00 ERROR 21576 --- [sERPent] [main] o.s.b.web.embedded.tomcat.TomcatStarter  : Error starting Tomcat context. Exception: org.springframework.beans.factory.UnsatisfiedDependencyException. Message: Error creating bean with name 'jwtAuthenticationFilter' defined in file [C:\Users\ignac\Desktop\sERPent project\sERPent-back-end\sERPent\target\classes\com\empresa\serpent\shared\security\JwtAuthenticationFilter.class]: Unsatisfied dependency expressed through constructor parameter 0: Error creating bean with name 'jwtService' defined in file [C:\Users\ignac\Desktop\sERPent project\sERPent-back-end\sERPent\target\classes\com\empresa\serpent\shared\security\JwtService.class]: Unexpected exception during bean creation
2026-09-08T01:58:35.248-03:00  INFO 21576 --- [sERPent] [main] o.apache.catalina.core.StandardService   : Stopping service [Tomcat]
2026-09-08T01:58:35.254-03:00  WARN 21576 --- [sERPent] [main] ConfigServletWebServerApplicationContext : Exception encountered during context initialization - cancelling refresh attempt: org.springframework.context.ApplicationContextException: Unable to start web server
2026-09-08T01:58:35.263-03:00  INFO 21576 --- [sERPent] [main] .s.b.a.l.ConditionEvaluationReportLogger : 

Error starting ApplicationContext. To display the condition evaluation report re-run your application with 'debug' enabled.
2026-09-08T01:58:35.275-03:00 ERROR 21576 --- [sERPent] [main] o.s.boot.SpringApplication               : Application run failed

org.springframework.context.ApplicationContextException: Unable to start web server
	at org.springframework.boot.web.servlet.context.ServletWebServerApplicationContext.onRefresh(ServletWebServerApplicationContext.java:165) ~[spring-boot-3.4.1.jar:3.4.1]
	at org.springframework.context.support.AbstractApplicationContext.refresh(AbstractApplicationContext.java:621) ~[spring-context-6.2.1.jar:6.2.1]
	at org.springframework.boot.web.servlet.context.ServletWebServerApplicationContext.refresh(ServletWebServerApplicationContext.java:146) ~[spring-boot-3.4.1.jar:3.4.1]
	at org.springframework.boot.SpringApplication.refresh(SpringApplication.java:752) ~[spring-boot-3.4.1.jar:3.4.1]
	at org.springframework.boot.SpringApplication.refreshContext(SpringApplication.java:439) ~[spring-boot-3.4.1.jar:3.4.1]
	at org.springframework.boot.SpringApplication.run(SpringApplication.java:318) ~[spring-boot-3.4.1.jar:3.4.1]
	at org.springframework.boot.SpringApplication.run(SpringApplication.java:1361) ~[spring-boot-3.4.1.jar:3.4.1]
	at org.springframework.boot.SpringApplication.run(SpringApplication.java:1350) ~[spring-boot-3.4.1.jar:3.4.1]
	at com.sERPentApplication.main(sERPentApplication.java:12) ~[classes/:na]
Caused by: org.springframework.boot.web.server.WebServerException: Unable to start embedded Tomcat
	at org.springframework.boot.web.embedded.tomcat.TomcatWebServer.initialize(TomcatWebServer.java:147) ~[spring-boot-3.4.1.jar:3.4.1]
	at org.springframework.boot.web.embedded.tomcat.TomcatWebServer.<init>(TomcatWebServer.java:107) ~[spring-boot-3.4.1.jar:3.4.1]
	at org.springframework.boot.web.embedded.tomcat.TomcatServletWebServerFactory.getTomcatWebServer(TomcatServletWebServerFactory.java:516) ~[spring-boot-3.4.1.jar:3.4.1]
	at org.springframework.boot.web.embedded.tomcat.TomcatServletWebServerFactory.getWebServer(TomcatServletWebServerFactory.java:222) ~[spring-boot-3.4.1.jar:3.4.1]
	at org.springframework.boot.web.servlet.context.ServletWebServerApplicationContext.createWebServer(ServletWebServerApplicationContext.java:188) ~[spring-boot-3.4.1.jar:3.4.1]
	at org.springframework.boot.web.servlet.context.ServletWebServerApplicationContext.onRefresh(ServletWebServerApplicationContext.java:162) ~[spring-boot-3.4.1.jar:3.4.1]
	... 8 common frames omitted
Caused by: org.springframework.beans.factory.UnsatisfiedDependencyException: Error creating bean with name 'jwtAuthenticationFilter' defined in file [C:\Users\ignac\Desktop\sERPent project\sERPent-back-end\sERPent\target\classes\com\empresa\serpent\shared\security\JwtAuthenticationFilter.class]: Unsatisfied dependency expressed through constructor parameter 0: Error creating bean with name 'jwtService' defined in file [C:\Users\ignac\Desktop\sERPent project\sERPent-back-end\sERPent\target\classes\com\empresa\serpent\shared\security\JwtService.class]: Unexpected exception during bean creation
	at org.springframework.beans.factory.support.ConstructorResolver.createArgumentArray(ConstructorResolver.java:804) ~[spring-beans-6.2.1.jar:6.2.1]
	at org.springframework.beans.factory.support.ConstructorResolver.autowireConstructor(ConstructorResolver.java:240) ~[spring-beans-6.2.1.jar:6.2.1]
	at org.springframework.beans.factory.support.AbstractAutowireCapableBeanFactory.autowireConstructor(AbstractAutowireCapableBeanFactory.java:1377) ~[spring-beans-6.2.1.jar:6.2.1]
	at org.springframework.beans.factory.support.AbstractAutowireCapableBeanFactory.createBeanInstance(AbstractAutowireCapableBeanFactory.java:1214) ~[spring-beans-6.2.1.jar:6.2.1]
	at org.springframework.beans.factory.support.AbstractAutowireCapableBeanFactory.doCreateBean(AbstractAutowireCapableBeanFactory.java:563) ~[spring-beans-6.2.1.jar:6.2.1]
	at org.springframework.beans.factory.support.AbstractAutowireCapableBeanFactory.createBean(AbstractAutowireCapableBeanFactory.java:523) ~[spring-beans-6.2.1.jar:6.2.1]
	at org.springframework.beans.factory.support.AbstractBeanFactory.lambda$doGetBean$0(AbstractBeanFactory.java:336) ~[spring-beans-6.2.1.jar:6.2.1]
	at org.springframework.beans.factory.support.DefaultSingletonBeanRegistry.getSingleton(DefaultSingletonBeanRegistry.java:289) ~[spring-beans-6.2.1.jar:6.2.1]
	at org.springframework.beans.factory.support.AbstractBeanFactory.doGetBean(AbstractBeanFactory.java:334) ~[spring-beans-6.2.1.jar:6.2.1]
	at org.springframework.beans.factory.support.AbstractBeanFactory.getBean(AbstractBeanFactory.java:204) ~[spring-beans-6.2.1.jar:6.2.1]
	at org.springframework.boot.web.servlet.ServletContextInitializerBeans.getOrderedBeansOfType(ServletContextInitializerBeans.java:211) ~[spring-boot-3.4.1.jar:3.4.1]
	at org.springframework.boot.web.servlet.ServletContextInitializerBeans.addAsRegistrationBean(ServletContextInitializerBeans.java:174) ~[spring-boot-3.4.1.jar:3.4.1]
	at org.springframework.boot.web.servlet.ServletContextInitializerBeans.addAsRegistrationBean(ServletContextInitializerBeans.java:169) ~[spring-boot-3.4.1.jar:3.4.1]
	at org.springframework.boot.web.servlet.ServletContextInitializerBeans.addAdaptableBeans(ServletContextInitializerBeans.java:154) ~[spring-boot-3.4.1.jar:3.4.1]
	at org.springframework.boot.web.servlet.ServletContextInitializerBeans.<init>(ServletContextInitializerBeans.java:87) ~[spring-boot-3.4.1.jar:3.4.1]
	at org.springframework.boot.web.servlet.context.ServletWebServerApplicationContext.getServletContextInitializerBeans(ServletWebServerApplicationContext.java:266) ~[spring-boot-3.4.1.jar:3.4.1]
	at org.springframework.boot.web.servlet.context.ServletWebServerApplicationContext.selfInitialize(ServletWebServerApplicationContext.java:240) ~[spring-boot-3.4.1.jar:3.4.1]
	at org.springframework.boot.web.embedded.tomcat.TomcatStarter.onStartup(TomcatStarter.java:52) ~[spring-boot-3.4.1.jar:3.4.1]
	at org.apache.catalina.core.StandardContext.startInternal(StandardContext.java:4426) ~[tomcat-embed-core-10.1.34.jar:10.1.34]
	at org.apache.catalina.util.LifecycleBase.start(LifecycleBase.java:164) ~[tomcat-embed-core-10.1.34.jar:10.1.34]
	at org.apache.catalina.core.ContainerBase$StartChild.call(ContainerBase.java:1203) ~[tomcat-embed-core-10.1.34.jar:10.1.34]
	at org.apache.catalina.core.ContainerBase$StartChild.call(ContainerBase.java:1193) ~[tomcat-embed-core-10.1.34.jar:10.1.34]
	at java.base/java.util.concurrent.FutureTask.run(FutureTask.java:317) ~[na:na]
	at org.apache.tomcat.util.threads.InlineExecutorService.execute(InlineExecutorService.java:75) ~[tomcat-embed-core-10.1.34.jar:10.1.34]
	at java.base/java.util.concurrent.AbstractExecutorService.submit(AbstractExecutorService.java:145) ~[na:na]
	at org.apache.catalina.core.ContainerBase.startInternal(ContainerBase.java:749) ~[tomcat-embed-core-10.1.34.jar:10.1.34]
	at org.apache.catalina.core.StandardHost.startInternal(StandardHost.java:772) ~[tomcat-embed-core-10.1.34.jar:10.1.34]
	at org.apache.catalina.util.LifecycleBase.start(LifecycleBase.java:164) ~[tomcat-embed-core-10.1.34.jar:10.1.34]
	at org.apache.catalina.core.ContainerBase$StartChild.call(ContainerBase.java:1203) ~[tomcat-embed-core-10.1.34.jar:10.1.34]
	at org.apache.catalina.core.ContainerBase$StartChild.call(ContainerBase.java:1193) ~[tomcat-embed-core-10.1.34.jar:10.1.34]
	at java.base/java.util.concurrent.FutureTask.run(FutureTask.java:317) ~[na:na]
	at org.apache.tomcat.util.threads.InlineExecutorService.execute(InlineExecutorService.java:75) ~[tomcat-embed-core-10.1.34.jar:10.1.34]
	at java.base/java.util.concurrent.AbstractExecutorService.submit(AbstractExecutorService.java:145) ~[na:na]
	at org.apache.catalina.core.ContainerBase.startInternal(ContainerBase.java:749) ~[tomcat-embed-core-10.1.34.jar:10.1.34]
	at org.apache.catalina.core.StandardEngine.startInternal(StandardEngine.java:203) ~[tomcat-embed-core-10.1.34.jar:10.1.34]
	at org.apache.catalina.util.LifecycleBase.start(LifecycleBase.java:164) ~[tomcat-embed-core-10.1.34.jar:10.1.34]
	at org.apache.catalina.core.StandardService.startInternal(StandardService.java:415) ~[tomcat-embed-core-10.1.34.jar:10.1.34]
	at org.apache.catalina.util.LifecycleBase.start(LifecycleBase.java:164) ~[tomcat-embed-core-10.1.34.jar:10.1.34]
	at org.apache.catalina.core.StandardServer.startInternal(StandardServer.java:870) ~[tomcat-embed-core-10.1.34.jar:10.1.34]
	at org.apache.catalina.util.LifecycleBase.start(LifecycleBase.java:164) ~[tomcat-embed-core-10.1.34.jar:10.1.34]
	at org.apache.catalina.startup.Tomcat.start(Tomcat.java:437) ~[tomcat-embed-core-10.1.34.jar:10.1.34]
	at org.springframework.boot.web.embedded.tomcat.TomcatWebServer.initialize(TomcatWebServer.java:128) ~[spring-boot-3.4.1.jar:3.4.1]
	... 13 common frames omitted
Caused by: org.springframework.beans.factory.BeanCreationException: Error creating bean with name 'jwtService' defined in file [C:\Users\ignac\Desktop\sERPent project\sERPent-back-end\sERPent\target\classes\com\empresa\serpent\shared\security\JwtService.class]: Unexpected exception during bean creation
	at org.springframework.beans.factory.support.AbstractAutowireCapableBeanFactory.createBean(AbstractAutowireCapableBeanFactory.java:536) ~[spring-beans-6.2.1.jar:6.2.1]
	at org.springframework.beans.factory.support.AbstractBeanFactory.lambda$doGetBean$0(AbstractBeanFactory.java:336) ~[spring-beans-6.2.1.jar:6.2.1]
	at org.springframework.beans.factory.support.DefaultSingletonBeanRegistry.getSingleton(DefaultSingletonBeanRegistry.java:289) ~[spring-beans-6.2.1.jar:6.2.1]
	at org.springframework.beans.factory.support.AbstractBeanFactory.doGetBean(AbstractBeanFactory.java:334) ~[spring-beans-6.2.1.jar:6.2.1]
	at org.springframework.beans.factory.support.AbstractBeanFactory.getBean(AbstractBeanFactory.java:199) ~[spring-beans-6.2.1.jar:6.2.1]
	at org.springframework.beans.factory.support.DefaultListableBeanFactory.doResolveDependency(DefaultListableBeanFactory.java:1573) ~[spring-beans-6.2.1.jar:6.2.1]
	at org.springframework.beans.factory.support.DefaultListableBeanFactory.resolveDependency(DefaultListableBeanFactory.java:1519) ~[spring-beans-6.2.1.jar:6.2.1]
	at org.springframework.beans.factory.support.ConstructorResolver.resolveAutowiredArgument(ConstructorResolver.java:913) ~[spring-beans-6.2.1.jar:6.2.1]
	at org.springframework.beans.factory.support.ConstructorResolver.createArgumentArray(ConstructorResolver.java:791) ~[spring-beans-6.2.1.jar:6.2.1]
	... 54 common frames omitted
Caused by: org.springframework.util.PlaceholderResolutionException: Could not resolve placeholder 'JWT_SECRET' in value "${JWT_SECRET}" <-- "${serpent.jwt.secret}"
	at org.springframework.util.PlaceholderResolutionException.withValue(PlaceholderResolutionException.java:81) ~[spring-core-6.2.1.jar:6.2.1]
	at org.springframework.util.PlaceholderParser$ParsedValue.resolve(PlaceholderParser.java:416) ~[spring-core-6.2.1.jar:6.2.1]
	at org.springframework.util.PlaceholderParser.replacePlaceholders(PlaceholderParser.java:128) ~[spring-core-6.2.1.jar:6.2.1]
	at org.springframework.util.PropertyPlaceholderHelper.parseStringValue(PropertyPlaceholderHelper.java:118) ~[spring-core-6.2.1.jar:6.2.1]
	at org.springframework.util.PropertyPlaceholderHelper.replacePlaceholders(PropertyPlaceholderHelper.java:114) ~[spring-core-6.2.1.jar:6.2.1]
	at org.springframework.core.env.AbstractPropertyResolver.doResolvePlaceholders(AbstractPropertyResolver.java:255) ~[spring-core-6.2.1.jar:6.2.1]
	at org.springframework.core.env.AbstractPropertyResolver.resolveRequiredPlaceholders(AbstractPropertyResolver.java:226) ~[spring-core-6.2.1.jar:6.2.1]
	at org.springframework.context.support.PropertySourcesPlaceholderConfigurer.lambda$processProperties$0(PropertySourcesPlaceholderConfigurer.java:201) ~[spring-context-6.2.1.jar:6.2.1]
	at org.springframework.beans.factory.support.AbstractBeanFactory.resolveEmbeddedValue(AbstractBeanFactory.java:963) ~[spring-beans-6.2.1.jar:6.2.1]
	at org.springframework.beans.factory.support.DefaultListableBeanFactory.doResolveDependency(DefaultListableBeanFactory.java:1541) ~[spring-beans-6.2.1.jar:6.2.1]
	at org.springframework.beans.factory.support.DefaultListableBeanFactory.resolveDependency(DefaultListableBeanFactory.java:1519) ~[spring-beans-6.2.1.jar:6.2.1]
	at org.springframework.beans.factory.support.ConstructorResolver.resolveAutowiredArgument(ConstructorResolver.java:913) ~[spring-beans-6.2.1.jar:6.2.1]
	at org.springframework.beans.factory.support.ConstructorResolver.createArgumentArray(ConstructorResolver.java:791) ~[spring-beans-6.2.1.jar:6.2.1]
	at org.springframework.beans.factory.support.ConstructorResolver.autowireConstructor(ConstructorResolver.java:240) ~[spring-beans-6.2.1.jar:6.2.1]
	at org.springframework.beans.factory.support.AbstractAutowireCapableBeanFactory.autowireConstructor(AbstractAutowireCapableBeanFactory.java:1377) ~[spring-beans-6.2.1.jar:6.2.1]
	at org.springframework.beans.factory.support.AbstractAutowireCapableBeanFactory.createBeanInstance(AbstractAutowireCapableBeanFactory.java:1214) ~[spring-beans-6.2.1.jar:6.2.1]
	at org.springframework.beans.factory.support.AbstractAutowireCapableBeanFactory.doCreateBean(AbstractAutowireCapableBeanFactory.java:563) ~[spring-beans-6.2.1.jar:6.2.1]
	at org.springframework.beans.factory.support.AbstractAutowireCapableBeanFactory.createBean(AbstractAutowireCapableBeanFactory.java:523) ~[spring-beans-6.2.1.jar:6.2.1]
	... 62 common frames omitted

2026-09-08T02:05:23.745-03:00  INFO 19148 --- [sERPent] [main] com.sERPentApplication                   : Starting sERPentApplication using Java 21.0.8 with PID 19148 (C:\Users\ignac\Desktop\sERPent project\sERPent-back-end\sERPent\target\classes started by ignac in C:\Users\ignac\Desktop\sERPent project\sERPent-back-end)
2026-09-08T02:05:23.747-03:00  INFO 19148 --- [sERPent] [main] com.sERPentApplication                   : The following 1 profile is active: "prod"
2026-09-08T02:05:24.688-03:00  INFO 19148 --- [sERPent] [main] .s.d.r.c.RepositoryConfigurationDelegate : Bootstrapping Spring Data JPA repositories in DEFAULT mode.
2026-09-08T02:05:24.985-03:00  INFO 19148 --- [sERPent] [main] .s.d.r.c.RepositoryConfigurationDelegate : Finished Spring Data repository scanning in 289 ms. Found 28 JPA repository interfaces.
2026-09-08T02:05:25.478-03:00  INFO 19148 --- [sERPent] [main] o.s.b.w.embedded.tomcat.TomcatWebServer  : Tomcat initialized with port 8080 (http)
2026-09-08T02:05:25.490-03:00  INFO 19148 --- [sERPent] [main] o.apache.catalina.core.StandardService   : Starting service [Tomcat]
2026-09-08T02:05:25.490-03:00  INFO 19148 --- [sERPent] [main] o.apache.catalina.core.StandardEngine    : Starting Servlet engine: [Apache Tomcat/10.1.34]
2026-09-08T02:05:25.559-03:00  INFO 19148 --- [sERPent] [main] o.a.c.c.C.[Tomcat].[localhost].[/]       : Initializing Spring embedded WebApplicationContext
2026-09-08T02:05:25.560-03:00  INFO 19148 --- [sERPent] [main] w.s.c.ServletWebServerApplicationContext : Root WebApplicationContext: initialization completed in 1780 ms
2026-09-08T02:05:25.744-03:00  INFO 19148 --- [sERPent] [main] com.zaxxer.hikari.HikariDataSource       : HikariPool-1 - Starting...
2026-09-08T02:05:25.878-03:00  INFO 19148 --- [sERPent] [main] com.zaxxer.hikari.pool.HikariPool        : HikariPool-1 - Added connection org.postgresql.jdbc.PgConnection@2cff5aa3
2026-09-08T02:05:25.880-03:00  INFO 19148 --- [sERPent] [main] com.zaxxer.hikari.HikariDataSource       : HikariPool-1 - Start completed.
2026-09-08T02:05:25.901-03:00  INFO 19148 --- [sERPent] [main] org.flywaydb.core.FlywayExecutor         : Database: jdbc:postgresql://localhost:5432/serpent_db (PostgreSQL 17.6)
2026-09-08T02:05:25.986-03:00  INFO 19148 --- [sERPent] [main] o.f.core.internal.command.DbValidate     : Successfully validated 32 migrations (execution time 00:00.065s)
2026-09-08T02:05:26.032-03:00  INFO 19148 --- [sERPent] [main] o.f.core.internal.command.DbMigrate      : Current version of schema "public": 32
2026-09-08T02:05:26.034-03:00  INFO 19148 --- [sERPent] [main] o.f.core.internal.command.DbMigrate      : Schema "public" is up to date. No migration necessary.
2026-09-08T02:05:26.157-03:00  INFO 19148 --- [sERPent] [main] o.hibernate.jpa.internal.util.LogHelper  : HHH000204: Processing PersistenceUnitInfo [name: default]
2026-09-08T02:05:26.210-03:00  INFO 19148 --- [sERPent] [main] org.hibernate.Version                    : HHH000412: Hibernate ORM core version 6.6.4.Final
2026-09-08T02:05:26.238-03:00  INFO 19148 --- [sERPent] [main] o.h.c.internal.RegionFactoryInitiator    : HHH000026: Second-level cache disabled
2026-09-08T02:05:26.465-03:00  INFO 19148 --- [sERPent] [main] o.s.o.j.p.SpringPersistenceUnitInfo      : No LoadTimeWeaver setup: ignoring JPA class transformer
2026-09-08T02:05:26.508-03:00  WARN 19148 --- [sERPent] [main] org.hibernate.orm.deprecation            : HHH90000025: PostgreSQLDialect does not need to be specified explicitly using 'hibernate.dialect' (remove the property setting and it will be selected by default)
2026-09-08T02:05:26.519-03:00  INFO 19148 --- [sERPent] [main] org.hibernate.orm.connections.pooling    : HHH10001005: Database info:
	Database JDBC URL [Connecting through datasource 'HikariDataSource (HikariPool-1)']
	Database driver: undefined/unknown
	Database version: 17.6
	Autocommit mode: undefined/unknown
	Isolation level: undefined/unknown
	Minimum pool size: undefined/unknown
	Maximum pool size: undefined/unknown
2026-09-08T02:05:27.671-03:00  INFO 19148 --- [sERPent] [main] o.h.e.t.j.p.i.JtaPlatformInitiator       : HHH000489: No JTA platform available (set 'hibernate.transaction.jta.platform' to enable JTA platform integration)
2026-09-08T02:05:27.748-03:00  INFO 19148 --- [sERPent] [main] j.LocalContainerEntityManagerFactoryBean : Initialized JPA EntityManagerFactory for persistence unit 'default'
2026-09-08T02:05:27.954-03:00  INFO 19148 --- [sERPent] [main] o.s.d.j.r.query.QueryEnhancerFactory     : Hibernate is in classpath; If applicable, HQL parser will be used.
2026-09-08T02:05:29.344-03:00  INFO 19148 --- [sERPent] [main] eAuthenticationProviderManagerConfigurer : Global AuthenticationManager configured with AuthenticationProvider bean with name authenticationProvider
2026-09-08T02:05:29.345-03:00  WARN 19148 --- [sERPent] [main] r$InitializeUserDetailsManagerConfigurer : Global AuthenticationManager configured with an AuthenticationProvider bean. UserDetailsService beans will not be used by Spring Security for automatically configuring username/password login. Consider removing the AuthenticationProvider bean. Alternatively, consider using the UserDetailsService in a manually instantiated DaoAuthenticationProvider. If the current configuration is intentional, to turn off this warning, increase the logging level of 'org.springframework.security.config.annotation.authentication.configuration.InitializeUserDetailsBeanManagerConfigurer' to ERROR
2026-09-08T02:05:33.956-03:00  WARN 19148 --- [sERPent] [main] JpaBaseConfiguration$JpaWebConfiguration : spring.jpa.open-in-view is enabled by default. Therefore, database queries may be performed during view rendering. Explicitly configure spring.jpa.open-in-view to disable this warning
2026-09-08T02:05:34.756-03:00  INFO 19148 --- [sERPent] [main] o.s.b.w.embedded.tomcat.TomcatWebServer  : Tomcat started on port 8080 (http) with context path '/'
2026-09-08T02:05:34.762-03:00  INFO 19148 --- [sERPent] [main] com.sERPentApplication                   : Started sERPentApplication in 11.418 seconds (process running for 11.799)
2026-09-08T02:05:34.764-03:00  WARN 19148 --- [sERPent] [main] o.s.core.events.SpringDocAppInitializer  : SpringDoc /v3/api-docs endpoint is enabled by default. To disable it in production, set the property 'springdoc.api-docs.enabled=false'
2026-09-08T02:06:30.104-03:00  INFO 19148 --- [sERPent] [SpringApplicationShutdownHook] o.s.b.w.e.tomcat.GracefulShutdown        : Commencing graceful shutdown. Waiting for active requests to complete
2026-09-08T02:06:30.108-03:00  INFO 19148 --- [sERPent] [tomcat-shutdown] o.s.b.w.e.tomcat.GracefulShutdown        : Graceful shutdown complete
2026-09-08T02:06:30.116-03:00  INFO 19148 --- [sERPent] [SpringApplicationShutdownHook] j.LocalContainerEntityManagerFactoryBean : Closing JPA EntityManagerFactory for persistence unit 'default'
2026-09-08T02:06:30.117-03:00  INFO 19148 --- [sERPent] [SpringApplicationShutdownHook] com.zaxxer.hikari.HikariDataSource       : HikariPool-1 - Shutdown initiated...
2026-09-08T02:06:30.119-03:00  INFO 19148 --- [sERPent] [SpringApplicationShutdownHook] com.zaxxer.hikari.HikariDataSource       : HikariPool-1 - Shutdown completed.
2026-09-08T02:07:26.549-03:00  INFO 19536 --- [sERPent] [main] com.sERPentApplication                   : Starting sERPentApplication using Java 21.0.8 with PID 19536 (C:\Users\ignac\Desktop\sERPent project\sERPent-back-end\sERPent\target\classes started by ignac in C:\Users\ignac\Desktop\sERPent project\sERPent-back-end)
2026-09-08T02:07:26.551-03:00  INFO 19536 --- [sERPent] [main] com.sERPentApplication                   : The following 1 profile is active: "prod"
2026-09-08T02:07:27.463-03:00  INFO 19536 --- [sERPent] [main] .s.d.r.c.RepositoryConfigurationDelegate : Bootstrapping Spring Data JPA repositories in DEFAULT mode.
2026-09-08T02:07:27.741-03:00  INFO 19536 --- [sERPent] [main] .s.d.r.c.RepositoryConfigurationDelegate : Finished Spring Data repository scanning in 271 ms. Found 28 JPA repository interfaces.
2026-09-08T02:07:28.230-03:00  INFO 19536 --- [sERPent] [main] o.s.b.w.embedded.tomcat.TomcatWebServer  : Tomcat initialized with port 8080 (http)
2026-09-08T02:07:28.243-03:00  INFO 19536 --- [sERPent] [main] o.apache.catalina.core.StandardService   : Starting service [Tomcat]
2026-09-08T02:07:28.244-03:00  INFO 19536 --- [sERPent] [main] o.apache.catalina.core.StandardEngine    : Starting Servlet engine: [Apache Tomcat/10.1.34]
2026-09-08T02:07:28.317-03:00  INFO 19536 --- [sERPent] [main] o.a.c.c.C.[Tomcat].[localhost].[/]       : Initializing Spring embedded WebApplicationContext
2026-09-08T02:07:28.317-03:00  INFO 19536 --- [sERPent] [main] w.s.c.ServletWebServerApplicationContext : Root WebApplicationContext: initialization completed in 1734 ms
2026-09-08T02:07:28.507-03:00  INFO 19536 --- [sERPent] [main] com.zaxxer.hikari.HikariDataSource       : HikariPool-1 - Starting...
2026-09-08T02:07:28.639-03:00  INFO 19536 --- [sERPent] [main] com.zaxxer.hikari.pool.HikariPool        : HikariPool-1 - Added connection org.postgresql.jdbc.PgConnection@25df2014
2026-09-08T02:07:28.641-03:00  INFO 19536 --- [sERPent] [main] com.zaxxer.hikari.HikariDataSource       : HikariPool-1 - Start completed.
2026-09-08T02:07:28.662-03:00  INFO 19536 --- [sERPent] [main] org.flywaydb.core.FlywayExecutor         : Database: jdbc:postgresql://localhost:5432/serpent_db (PostgreSQL 17.6)
2026-09-08T02:07:28.710-03:00  INFO 19536 --- [sERPent] [main] o.f.c.i.s.JdbcTableSchemaHistory         : Schema history table "public"."flyway_schema_history" does not exist yet
2026-09-08T02:07:28.713-03:00  INFO 19536 --- [sERPent] [main] o.f.core.internal.command.DbValidate     : Successfully validated 32 migrations (execution time 00:00.031s)
2026-09-08T02:07:28.729-03:00  INFO 19536 --- [sERPent] [main] o.f.c.i.s.JdbcTableSchemaHistory         : Creating Schema History table "public"."flyway_schema_history" ...
2026-09-08T02:07:28.799-03:00  INFO 19536 --- [sERPent] [main] o.f.core.internal.command.DbMigrate      : Current version of schema "public": << Empty Schema >>
2026-09-08T02:07:28.813-03:00  INFO 19536 --- [sERPent] [main] o.f.core.internal.command.DbMigrate      : Migrating schema "public" to version "1 - init schema"
2026-09-08T02:07:28.946-03:00  INFO 19536 --- [sERPent] [main] o.f.core.internal.command.DbMigrate      : Migrating schema "public" to version "2 - add transaction detail to inventory movements"
2026-09-08T02:07:28.958-03:00  INFO 19536 --- [sERPent] [main] o.f.core.internal.command.DbMigrate      : Migrating schema "public" to version "3 - add transfer transaction type"
2026-09-08T02:07:28.966-03:00  INFO 19536 --- [sERPent] [main] o.f.core.internal.command.DbMigrate      : Migrating schema "public" to version "4 - add return transaction type and return in movement type and sale returns "
2026-09-08T02:07:28.980-03:00  INFO 19536 --- [sERPent] [main] o.f.core.internal.command.DbMigrate      : Migrating schema "public" to version "5 - add product inventory config"
2026-09-08T02:07:28.987-03:00  INFO 19536 --- [sERPent] [main] o.f.core.internal.command.DbMigrate      : Migrating schema "public" to version "6 - create inventory stock snapshot"
2026-09-08T02:07:29.001-03:00  INFO 19536 --- [sERPent] [main] o.f.core.internal.command.DbMigrate      : Migrating schema "public" to version "7 - create purchases table"
2026-09-08T02:07:29.018-03:00  INFO 19536 --- [sERPent] [main] o.f.core.internal.command.DbMigrate      : Migrating schema "public" to version "8 - add product transformations"
2026-09-08T02:07:29.043-03:00  INFO 19536 --- [sERPent] [main] o.f.core.internal.command.DbMigrate      : Migrating schema "public" to version "9 - add unit of measure to products"
2026-09-08T02:07:29.051-03:00  INFO 19536 --- [sERPent] [main] o.f.core.internal.command.DbMigrate      : Migrating schema "public" to version "10 - add client sync commands"
2026-09-08T02:07:29.065-03:00  INFO 19536 --- [sERPent] [main] o.f.core.internal.command.DbMigrate      : Migrating schema "public" to version "11 - add product barcode"
2026-09-08T02:07:29.069-03:00  INFO 19536 --- [sERPent] [main] o.f.core.internal.command.DbMigrate      : Migrating schema "public" to version "12 - seed admin user"
2026-09-08T02:07:29.077-03:00  INFO 19536 --- [sERPent] [main] o.f.core.internal.command.DbMigrate      : Migrating schema "public" to version "13 - add warehouse to sales"
2026-09-08T02:07:29.086-03:00  INFO 19536 --- [sERPent] [main] o.f.core.internal.command.DbMigrate      : Migrating schema "public" to version "14 - allow negative amounts for returns"
2026-09-08T02:07:29.098-03:00  INFO 19536 --- [sERPent] [main] o.f.core.internal.command.DbMigrate      : Migrating schema "public" to version "15 - add sale adjustment"
2026-09-08T02:07:29.105-03:00  INFO 19536 --- [sERPent] [main] o.f.core.internal.command.DbMigrate      : Migrating schema "public" to version "16 - add product payment adjustments"
2026-09-08T02:07:29.115-03:00  INFO 19536 --- [sERPent] [main] o.f.core.internal.command.DbMigrate      : Migrating schema "public" to version "17 - add line payment adjustment breakdown"
2026-09-08T02:07:29.120-03:00  INFO 19536 --- [sERPent] [main] o.f.core.internal.command.DbMigrate      : Migrating schema "public" to version "18 - add product barcode unique"
2026-09-08T02:07:29.125-03:00  INFO 19536 --- [sERPent] [main] o.f.core.internal.command.DbMigrate      : Migrating schema "public" to version "19 - add user warehouses"
2026-09-08T02:07:29.134-03:00  INFO 19536 --- [sERPent] [main] o.f.core.internal.command.DbMigrate      : Migrating schema "public" to version "20 - add terminals"
2026-09-08T02:07:29.149-03:00  INFO 19536 --- [sERPent] [main] o.f.core.internal.command.DbMigrate      : Migrating schema "public" to version "21 - add product warehouse minimum stock"
2026-09-08T02:07:29.161-03:00  INFO 19536 --- [sERPent] [main] o.f.core.internal.command.DbMigrate      : Migrating schema "public" to version "22 - add current account"
2026-09-08T02:07:29.190-03:00  INFO 19536 --- [sERPent] [main] o.f.core.internal.command.DbMigrate      : Migrating schema "public" to version "23 - add expense warehouse"
2026-09-08T02:07:29.198-03:00  INFO 19536 --- [sERPent] [main] o.f.core.internal.command.DbMigrate      : Migrating schema "public" to version "24 - add user role"
2026-09-08T02:07:29.205-03:00  INFO 19536 --- [sERPent] [main] o.f.core.internal.command.DbMigrate      : Migrating schema "public" to version "25 - add cash count"
2026-09-08T02:07:29.233-03:00  INFO 19536 --- [sERPent] [main] o.f.core.internal.command.DbMigrate      : Migrating schema "public" to version "26 - product suppliers and warehouse reorder"
2026-09-08T02:07:29.244-03:00  INFO 19536 --- [sERPent] [main] o.f.core.internal.command.DbMigrate      : Migrating schema "public" to version "27 - add scale barcode formats"
2026-09-08T02:07:29.256-03:00  INFO 19536 --- [sERPent] [main] o.f.core.internal.command.DbMigrate      : Migrating schema "public" to version "28 - movement origin as data"
2026-09-08T02:07:29.263-03:00  INFO 19536 --- [sERPent] [main] o.f.core.internal.command.DbMigrate      : Migrating schema "public" to version "29 - transaction description only what a person wrote"
2026-09-08T02:07:29.269-03:00  INFO 19536 --- [sERPent] [main] o.f.core.internal.command.DbMigrate      : Migrating schema "public" to version "30 - clear generated movement notes"
2026-09-08T02:07:29.275-03:00  INFO 19536 --- [sERPent] [main] o.f.core.internal.command.DbMigrate      : Migrating schema "public" to version "31 - reason lives in the transaction"
2026-09-08T02:07:29.287-03:00  INFO 19536 --- [sERPent] [main] o.f.core.internal.command.DbMigrate      : Migrating schema "public" to version "32 - drop dead transaction detail on movements"
2026-09-08T02:07:29.295-03:00  INFO 19536 --- [sERPent] [main] o.f.core.internal.command.DbMigrate      : Successfully applied 32 migrations to schema "public", now at version v32 (execution time 00:00.308s)
2026-09-08T02:07:29.419-03:00  INFO 19536 --- [sERPent] [main] o.hibernate.jpa.internal.util.LogHelper  : HHH000204: Processing PersistenceUnitInfo [name: default]
2026-09-08T02:07:29.464-03:00  INFO 19536 --- [sERPent] [main] org.hibernate.Version                    : HHH000412: Hibernate ORM core version 6.6.4.Final
2026-09-08T02:07:29.491-03:00  INFO 19536 --- [sERPent] [main] o.h.c.internal.RegionFactoryInitiator    : HHH000026: Second-level cache disabled
2026-09-08T02:07:29.721-03:00  INFO 19536 --- [sERPent] [main] o.s.o.j.p.SpringPersistenceUnitInfo      : No LoadTimeWeaver setup: ignoring JPA class transformer
2026-09-08T02:07:29.764-03:00  WARN 19536 --- [sERPent] [main] org.hibernate.orm.deprecation            : HHH90000025: PostgreSQLDialect does not need to be specified explicitly using 'hibernate.dialect' (remove the property setting and it will be selected by default)
2026-09-08T02:07:29.774-03:00  INFO 19536 --- [sERPent] [main] org.hibernate.orm.connections.pooling    : HHH10001005: Database info:
	Database JDBC URL [Connecting through datasource 'HikariDataSource (HikariPool-1)']
	Database driver: undefined/unknown
	Database version: 17.6
	Autocommit mode: undefined/unknown
	Isolation level: undefined/unknown
	Minimum pool size: undefined/unknown
	Maximum pool size: undefined/unknown
2026-09-08T02:07:30.893-03:00  INFO 19536 --- [sERPent] [main] o.h.e.t.j.p.i.JtaPlatformInitiator       : HHH000489: No JTA platform available (set 'hibernate.transaction.jta.platform' to enable JTA platform integration)
2026-09-08T02:07:30.927-03:00  INFO 19536 --- [sERPent] [main] j.LocalContainerEntityManagerFactoryBean : Initialized JPA EntityManagerFactory for persistence unit 'default'
2026-09-08T02:07:31.097-03:00  INFO 19536 --- [sERPent] [main] o.s.d.j.r.query.QueryEnhancerFactory     : Hibernate is in classpath; If applicable, HQL parser will be used.
2026-09-08T02:07:32.525-03:00  INFO 19536 --- [sERPent] [main] eAuthenticationProviderManagerConfigurer : Global AuthenticationManager configured with AuthenticationProvider bean with name authenticationProvider
2026-09-08T02:07:32.526-03:00  WARN 19536 --- [sERPent] [main] r$InitializeUserDetailsManagerConfigurer : Global AuthenticationManager configured with an AuthenticationProvider bean. UserDetailsService beans will not be used by Spring Security for automatically configuring username/password login. Consider removing the AuthenticationProvider bean. Alternatively, consider using the UserDetailsService in a manually instantiated DaoAuthenticationProvider. If the current configuration is intentional, to turn off this warning, increase the logging level of 'org.springframework.security.config.annotation.authentication.configuration.InitializeUserDetailsBeanManagerConfigurer' to ERROR
2026-09-08T02:07:37.092-03:00  WARN 19536 --- [sERPent] [main] JpaBaseConfiguration$JpaWebConfiguration : spring.jpa.open-in-view is enabled by default. Therefore, database queries may be performed during view rendering. Explicitly configure spring.jpa.open-in-view to disable this warning
2026-09-08T02:07:37.848-03:00  INFO 19536 --- [sERPent] [main] o.s.b.w.embedded.tomcat.TomcatWebServer  : Tomcat started on port 8080 (http) with context path '/'
2026-09-08T02:07:37.855-03:00  INFO 19536 --- [sERPent] [main] com.sERPentApplication                   : Started sERPentApplication in 11.708 seconds (process running for 12.114)
2026-09-08T02:07:37.859-03:00  WARN 19536 --- [sERPent] [main] o.s.core.events.SpringDocAppInitializer  : SpringDoc /v3/api-docs endpoint is enabled by default. To disable it in production, set the property 'springdoc.api-docs.enabled=false'
2026-09-08T02:21:46.861-03:00  INFO 19536 --- [sERPent] [SpringApplicationShutdownHook] o.s.b.w.e.tomcat.GracefulShutdown        : Commencing graceful shutdown. Waiting for active requests to complete
2026-09-08T02:21:46.865-03:00  INFO 19536 --- [sERPent] [tomcat-shutdown] o.s.b.w.e.tomcat.GracefulShutdown        : Graceful shutdown complete
2026-09-08T02:21:46.970-03:00  INFO 19536 --- [sERPent] [SpringApplicationShutdownHook] j.LocalContainerEntityManagerFactoryBean : Closing JPA EntityManagerFactory for persistence unit 'default'
2026-09-08T02:21:46.972-03:00  INFO 19536 --- [sERPent] [SpringApplicationShutdownHook] com.zaxxer.hikari.HikariDataSource       : HikariPool-1 - Shutdown initiated...
2026-09-08T02:21:46.975-03:00  INFO 19536 --- [sERPent] [SpringApplicationShutdownHook] com.zaxxer.hikari.HikariDataSource       : HikariPool-1 - Shutdown completed.
2026-09-08T23:28:07.554-03:00  INFO 27280 --- [sERPent] [main] com.sERPentApplication                   : Starting sERPentApplication using Java 21.0.8 with PID 27280 (C:\Users\ignac\Desktop\sERPent project\sERPent-back-end\sERPent\target\classes started by ignac in C:\Users\ignac\Desktop\sERPent project\sERPent-back-end)
2026-09-08T23:28:07.554-03:00  INFO 27280 --- [sERPent] [main] com.sERPentApplication                   : The following 1 profile is active: "prod"
2026-09-08T23:28:08.601-03:00  INFO 27280 --- [sERPent] [main] .s.d.r.c.RepositoryConfigurationDelegate : Bootstrapping Spring Data JPA repositories in DEFAULT mode.
2026-09-08T23:28:08.887-03:00  INFO 27280 --- [sERPent] [main] .s.d.r.c.RepositoryConfigurationDelegate : Finished Spring Data repository scanning in 278 ms. Found 28 JPA repository interfaces.
2026-09-08T23:28:09.443-03:00  INFO 27280 --- [sERPent] [main] o.s.b.w.embedded.tomcat.TomcatWebServer  : Tomcat initialized with port 8080 (http)
2026-09-08T23:28:09.454-03:00  INFO 27280 --- [sERPent] [main] o.apache.catalina.core.StandardService   : Starting service [Tomcat]
2026-09-08T23:28:09.454-03:00  INFO 27280 --- [sERPent] [main] o.apache.catalina.core.StandardEngine    : Starting Servlet engine: [Apache Tomcat/10.1.34]
2026-09-08T23:28:09.539-03:00  INFO 27280 --- [sERPent] [main] o.a.c.c.C.[Tomcat].[localhost].[/]       : Initializing Spring embedded WebApplicationContext
2026-09-08T23:28:09.539-03:00  INFO 27280 --- [sERPent] [main] w.s.c.ServletWebServerApplicationContext : Root WebApplicationContext: initialization completed in 1947 ms
2026-09-08T23:28:09.733-03:00  INFO 27280 --- [sERPent] [main] com.zaxxer.hikari.HikariDataSource       : HikariPool-1 - Starting...
2026-09-08T23:28:09.904-03:00  INFO 27280 --- [sERPent] [main] com.zaxxer.hikari.pool.HikariPool        : HikariPool-1 - Added connection org.postgresql.jdbc.PgConnection@8b1202a
2026-09-08T23:28:09.914-03:00  INFO 27280 --- [sERPent] [main] com.zaxxer.hikari.HikariDataSource       : HikariPool-1 - Start completed.
2026-09-08T23:28:09.934-03:00  INFO 27280 --- [sERPent] [main] org.flywaydb.core.FlywayExecutor         : Database: jdbc:postgresql://localhost:5432/serpent_db (PostgreSQL 17.6)
2026-09-08T23:28:10.007-03:00  INFO 27280 --- [sERPent] [main] o.f.c.i.s.JdbcTableSchemaHistory         : Schema history table "public"."flyway_schema_history" does not exist yet
2026-09-08T23:28:10.007-03:00  INFO 27280 --- [sERPent] [main] o.f.core.internal.command.DbValidate     : Successfully validated 32 migrations (execution time 00:00.049s)
2026-09-08T23:28:10.024-03:00  INFO 27280 --- [sERPent] [main] o.f.c.i.s.JdbcTableSchemaHistory         : Creating Schema History table "public"."flyway_schema_history" ...
2026-09-08T23:28:10.128-03:00  INFO 27280 --- [sERPent] [main] o.f.core.internal.command.DbMigrate      : Current version of schema "public": << Empty Schema >>
2026-09-08T23:28:10.143-03:00  INFO 27280 --- [sERPent] [main] o.f.core.internal.command.DbMigrate      : Migrating schema "public" to version "1 - init schema"
2026-09-08T23:28:10.244-03:00  INFO 27280 --- [sERPent] [main] o.f.core.internal.command.DbMigrate      : Migrating schema "public" to version "2 - add transaction detail to inventory movements"
2026-09-08T23:28:10.264-03:00  INFO 27280 --- [sERPent] [main] o.f.core.internal.command.DbMigrate      : Migrating schema "public" to version "3 - add transfer transaction type"
2026-09-08T23:28:10.270-03:00  INFO 27280 --- [sERPent] [main] o.f.core.internal.command.DbMigrate      : Migrating schema "public" to version "4 - add return transaction type and return in movement type and sale returns "
2026-09-08T23:28:10.284-03:00  INFO 27280 --- [sERPent] [main] o.f.core.internal.command.DbMigrate      : Migrating schema "public" to version "5 - add product inventory config"
2026-09-08T23:28:10.295-03:00  INFO 27280 --- [sERPent] [main] o.f.core.internal.command.DbMigrate      : Migrating schema "public" to version "6 - create inventory stock snapshot"
2026-09-08T23:28:10.303-03:00  INFO 27280 --- [sERPent] [main] o.f.core.internal.command.DbMigrate      : Migrating schema "public" to version "7 - create purchases table"
2026-09-08T23:28:10.323-03:00  INFO 27280 --- [sERPent] [main] o.f.core.internal.command.DbMigrate      : Migrating schema "public" to version "8 - add product transformations"
2026-09-08T23:28:10.352-03:00  INFO 27280 --- [sERPent] [main] o.f.core.internal.command.DbMigrate      : Migrating schema "public" to version "9 - add unit of measure to products"
2026-09-08T23:28:10.359-03:00  INFO 27280 --- [sERPent] [main] o.f.core.internal.command.DbMigrate      : Migrating schema "public" to version "10 - add client sync commands"
2026-09-08T23:28:10.375-03:00  INFO 27280 --- [sERPent] [main] o.f.core.internal.command.DbMigrate      : Migrating schema "public" to version "11 - add product barcode"
2026-09-08T23:28:10.380-03:00  INFO 27280 --- [sERPent] [main] o.f.core.internal.command.DbMigrate      : Migrating schema "public" to version "12 - seed admin user"
2026-09-08T23:28:10.387-03:00  INFO 27280 --- [sERPent] [main] o.f.core.internal.command.DbMigrate      : Migrating schema "public" to version "13 - add warehouse to sales"
2026-09-08T23:28:10.399-03:00  INFO 27280 --- [sERPent] [main] o.f.core.internal.command.DbMigrate      : Migrating schema "public" to version "14 - allow negative amounts for returns"
2026-09-08T23:28:10.413-03:00  INFO 27280 --- [sERPent] [main] o.f.core.internal.command.DbMigrate      : Migrating schema "public" to version "15 - add sale adjustment"
2026-09-08T23:28:10.413-03:00  INFO 27280 --- [sERPent] [main] o.f.core.internal.command.DbMigrate      : Migrating schema "public" to version "16 - add product payment adjustments"
2026-09-08T23:28:10.428-03:00  INFO 27280 --- [sERPent] [main] o.f.core.internal.command.DbMigrate      : Migrating schema "public" to version "17 - add line payment adjustment breakdown"
2026-09-08T23:28:10.434-03:00  INFO 27280 --- [sERPent] [main] o.f.core.internal.command.DbMigrate      : Migrating schema "public" to version "18 - add product barcode unique"
2026-09-08T23:28:10.444-03:00  INFO 27280 --- [sERPent] [main] o.f.core.internal.command.DbMigrate      : Migrating schema "public" to version "19 - add user warehouses"
2026-09-08T23:28:10.456-03:00  INFO 27280 --- [sERPent] [main] o.f.core.internal.command.DbMigrate      : Migrating schema "public" to version "20 - add terminals"
2026-09-08T23:28:10.514-03:00  INFO 27280 --- [sERPent] [main] o.f.core.internal.command.DbMigrate      : Migrating schema "public" to version "21 - add product warehouse minimum stock"
2026-09-08T23:28:10.524-03:00  INFO 27280 --- [sERPent] [main] o.f.core.internal.command.DbMigrate      : Migrating schema "public" to version "22 - add current account"
2026-09-08T23:28:10.566-03:00  INFO 27280 --- [sERPent] [main] o.f.core.internal.command.DbMigrate      : Migrating schema "public" to version "23 - add expense warehouse"
2026-09-08T23:28:10.575-03:00  INFO 27280 --- [sERPent] [main] o.f.core.internal.command.DbMigrate      : Migrating schema "public" to version "24 - add user role"
2026-09-08T23:28:10.587-03:00  INFO 27280 --- [sERPent] [main] o.f.core.internal.command.DbMigrate      : Migrating schema "public" to version "25 - add cash count"
2026-09-08T23:28:10.613-03:00  INFO 27280 --- [sERPent] [main] o.f.core.internal.command.DbMigrate      : Migrating schema "public" to version "26 - product suppliers and warehouse reorder"
2026-09-08T23:28:10.624-03:00  INFO 27280 --- [sERPent] [main] o.f.core.internal.command.DbMigrate      : Migrating schema "public" to version "27 - add scale barcode formats"
2026-09-08T23:28:10.634-03:00  INFO 27280 --- [sERPent] [main] o.f.core.internal.command.DbMigrate      : Migrating schema "public" to version "28 - movement origin as data"
2026-09-08T23:28:10.644-03:00  INFO 27280 --- [sERPent] [main] o.f.core.internal.command.DbMigrate      : Migrating schema "public" to version "29 - transaction description only what a person wrote"
2026-09-08T23:28:10.654-03:00  INFO 27280 --- [sERPent] [main] o.f.core.internal.command.DbMigrate      : Migrating schema "public" to version "30 - clear generated movement notes"
2026-09-08T23:28:10.684-03:00  INFO 27280 --- [sERPent] [main] o.f.core.internal.command.DbMigrate      : Migrating schema "public" to version "31 - reason lives in the transaction"
2026-09-08T23:28:10.701-03:00  INFO 27280 --- [sERPent] [main] o.f.core.internal.command.DbMigrate      : Migrating schema "public" to version "32 - drop dead transaction detail on movements"
2026-09-08T23:28:10.703-03:00  INFO 27280 --- [sERPent] [main] o.f.core.internal.command.DbMigrate      : Successfully applied 32 migrations to schema "public", now at version v32 (execution time 00:00.349s)
2026-09-08T23:28:10.849-03:00  INFO 27280 --- [sERPent] [main] o.hibernate.jpa.internal.util.LogHelper  : HHH000204: Processing PersistenceUnitInfo [name: default]
2026-09-08T23:28:10.914-03:00  INFO 27280 --- [sERPent] [main] org.hibernate.Version                    : HHH000412: Hibernate ORM core version 6.6.4.Final
2026-09-08T23:28:10.953-03:00  INFO 27280 --- [sERPent] [main] o.h.c.internal.RegionFactoryInitiator    : HHH000026: Second-level cache disabled
2026-09-08T23:28:11.286-03:00  INFO 27280 --- [sERPent] [main] o.s.o.j.p.SpringPersistenceUnitInfo      : No LoadTimeWeaver setup: ignoring JPA class transformer
2026-09-08T23:28:11.367-03:00  WARN 27280 --- [sERPent] [main] org.hibernate.orm.deprecation            : HHH90000025: PostgreSQLDialect does not need to be specified explicitly using 'hibernate.dialect' (remove the property setting and it will be selected by default)
2026-09-08T23:28:11.384-03:00  INFO 27280 --- [sERPent] [main] org.hibernate.orm.connections.pooling    : HHH10001005: Database info:
	Database JDBC URL [Connecting through datasource 'HikariDataSource (HikariPool-1)']
	Database driver: undefined/unknown
	Database version: 17.6
	Autocommit mode: undefined/unknown
	Isolation level: undefined/unknown
	Minimum pool size: undefined/unknown
	Maximum pool size: undefined/unknown
2026-09-08T23:28:12.664-03:00  INFO 27280 --- [sERPent] [main] o.h.e.t.j.p.i.JtaPlatformInitiator       : HHH000489: No JTA platform available (set 'hibernate.transaction.jta.platform' to enable JTA platform integration)
2026-09-08T23:28:12.710-03:00  INFO 27280 --- [sERPent] [main] j.LocalContainerEntityManagerFactoryBean : Initialized JPA EntityManagerFactory for persistence unit 'default'
2026-09-08T23:28:12.884-03:00  INFO 27280 --- [sERPent] [main] o.s.d.j.r.query.QueryEnhancerFactory     : Hibernate is in classpath; If applicable, HQL parser will be used.
2026-09-08T23:28:14.368-03:00  INFO 27280 --- [sERPent] [main] eAuthenticationProviderManagerConfigurer : Global AuthenticationManager configured with AuthenticationProvider bean with name authenticationProvider
2026-09-08T23:28:14.368-03:00  WARN 27280 --- [sERPent] [main] r$InitializeUserDetailsManagerConfigurer : Global AuthenticationManager configured with an AuthenticationProvider bean. UserDetailsService beans will not be used by Spring Security for automatically configuring username/password login. Consider removing the AuthenticationProvider bean. Alternatively, consider using the UserDetailsService in a manually instantiated DaoAuthenticationProvider. If the current configuration is intentional, to turn off this warning, increase the logging level of 'org.springframework.security.config.annotation.authentication.configuration.InitializeUserDetailsBeanManagerConfigurer' to ERROR
2026-09-08T23:28:19.048-03:00  WARN 27280 --- [sERPent] [main] JpaBaseConfiguration$JpaWebConfiguration : spring.jpa.open-in-view is enabled by default. Therefore, database queries may be performed during view rendering. Explicitly configure spring.jpa.open-in-view to disable this warning
2026-09-08T23:28:19.808-03:00  INFO 27280 --- [sERPent] [main] o.s.b.w.embedded.tomcat.TomcatWebServer  : Tomcat started on port 8080 (http) with context path '/'
2026-09-08T23:28:19.813-03:00  INFO 27280 --- [sERPent] [main] com.sERPentApplication                   : Started sERPentApplication in 12.691 seconds (process running for 13.08)
2026-09-08T23:28:19.813-03:00  WARN 27280 --- [sERPent] [main] o.s.core.events.SpringDocAppInitializer  : SpringDoc /v3/api-docs endpoint is enabled by default. To disable it in production, set the property 'springdoc.api-docs.enabled=false'
2026-09-08T23:44:30.782-03:00  INFO 27280 --- [sERPent] [SpringApplicationShutdownHook] o.s.b.w.e.tomcat.GracefulShutdown        : Commencing graceful shutdown. Waiting for active requests to complete
2026-09-08T23:44:30.804-03:00  INFO 27280 --- [sERPent] [tomcat-shutdown] o.s.b.w.e.tomcat.GracefulShutdown        : Graceful shutdown complete
2026-09-08T23:44:30.827-03:00  INFO 27280 --- [sERPent] [SpringApplicationShutdownHook] j.LocalContainerEntityManagerFactoryBean : Closing JPA EntityManagerFactory for persistence unit 'default'
2026-09-08T23:44:30.829-03:00  INFO 27280 --- [sERPent] [SpringApplicationShutdownHook] com.zaxxer.hikari.HikariDataSource       : HikariPool-1 - Shutdown initiated...
2026-09-08T23:44:30.829-03:00  INFO 27280 --- [sERPent] [SpringApplicationShutdownHook] com.zaxxer.hikari.HikariDataSource       : HikariPool-1 - Shutdown completed.
2026-09-08T23:45:27.868-03:00  INFO 27004 --- [sERPent] [main] com.sERPentApplication                   : Starting sERPentApplication using Java 21.0.8 with PID 27004 (C:\Users\ignac\Desktop\sERPent project\sERPent-back-end\sERPent\target\classes started by ignac in C:\Users\ignac\Desktop\sERPent project\sERPent-back-end)
2026-09-08T23:45:27.870-03:00  INFO 27004 --- [sERPent] [main] com.sERPentApplication                   : The following 1 profile is active: "prod"
2026-09-08T23:45:28.843-03:00  INFO 27004 --- [sERPent] [main] .s.d.r.c.RepositoryConfigurationDelegate : Bootstrapping Spring Data JPA repositories in DEFAULT mode.
2026-09-08T23:45:29.131-03:00  INFO 27004 --- [sERPent] [main] .s.d.r.c.RepositoryConfigurationDelegate : Finished Spring Data repository scanning in 282 ms. Found 28 JPA repository interfaces.
2026-09-08T23:45:29.659-03:00  INFO 27004 --- [sERPent] [main] o.s.b.w.embedded.tomcat.TomcatWebServer  : Tomcat initialized with port 8080 (http)
2026-09-08T23:45:29.675-03:00  INFO 27004 --- [sERPent] [main] o.apache.catalina.core.StandardService   : Starting service [Tomcat]
2026-09-08T23:45:29.675-03:00  INFO 27004 --- [sERPent] [main] o.apache.catalina.core.StandardEngine    : Starting Servlet engine: [Apache Tomcat/10.1.34]
2026-09-08T23:45:29.760-03:00  INFO 27004 --- [sERPent] [main] o.a.c.c.C.[Tomcat].[localhost].[/]       : Initializing Spring embedded WebApplicationContext
2026-09-08T23:45:29.760-03:00  INFO 27004 --- [sERPent] [main] w.s.c.ServletWebServerApplicationContext : Root WebApplicationContext: initialization completed in 1854 ms
2026-09-08T23:45:29.955-03:00  INFO 27004 --- [sERPent] [main] com.zaxxer.hikari.HikariDataSource       : HikariPool-1 - Starting...
2026-09-08T23:45:30.099-03:00  INFO 27004 --- [sERPent] [main] com.zaxxer.hikari.pool.HikariPool        : HikariPool-1 - Added connection org.postgresql.jdbc.PgConnection@8b1202a
2026-09-08T23:45:30.099-03:00  INFO 27004 --- [sERPent] [main] com.zaxxer.hikari.HikariDataSource       : HikariPool-1 - Start completed.
2026-09-08T23:45:30.121-03:00  INFO 27004 --- [sERPent] [main] org.flywaydb.core.FlywayExecutor         : Database: jdbc:postgresql://localhost:5432/serpent_db (PostgreSQL 17.6)
2026-09-08T23:45:30.231-03:00  INFO 27004 --- [sERPent] [main] o.f.c.i.s.JdbcTableSchemaHistory         : Schema history table "public"."flyway_schema_history" does not exist yet
2026-09-08T23:45:30.236-03:00  INFO 27004 --- [sERPent] [main] o.f.core.internal.command.DbValidate     : Successfully validated 33 migrations (execution time 00:00.089s)
2026-09-08T23:45:30.250-03:00  INFO 27004 --- [sERPent] [main] o.f.c.i.s.JdbcTableSchemaHistory         : Creating Schema History table "public"."flyway_schema_history" ...
2026-09-08T23:45:30.321-03:00  INFO 27004 --- [sERPent] [main] o.f.core.internal.command.DbMigrate      : Current version of schema "public": << Empty Schema >>
2026-09-08T23:45:30.334-03:00  INFO 27004 --- [sERPent] [main] o.f.core.internal.command.DbMigrate      : Migrating schema "public" to version "1 - init schema"
2026-09-08T23:45:30.445-03:00  INFO 27004 --- [sERPent] [main] o.f.core.internal.command.DbMigrate      : Migrating schema "public" to version "2 - add transaction detail to inventory movements"
2026-09-08T23:45:30.463-03:00  INFO 27004 --- [sERPent] [main] o.f.core.internal.command.DbMigrate      : Migrating schema "public" to version "3 - add transfer transaction type"
2026-09-08T23:45:30.492-03:00  INFO 27004 --- [sERPent] [main] o.f.core.internal.command.DbMigrate      : Migrating schema "public" to version "4 - add return transaction type and return in movement type and sale returns "
2026-09-08T23:45:30.499-03:00  INFO 27004 --- [sERPent] [main] o.f.core.internal.command.DbMigrate      : Migrating schema "public" to version "5 - add product inventory config"
2026-09-08T23:45:30.509-03:00  INFO 27004 --- [sERPent] [main] o.f.core.internal.command.DbMigrate      : Migrating schema "public" to version "6 - create inventory stock snapshot"
2026-09-08T23:45:30.521-03:00  INFO 27004 --- [sERPent] [main] o.f.core.internal.command.DbMigrate      : Migrating schema "public" to version "7 - create purchases table"
2026-09-08T23:45:30.539-03:00  INFO 27004 --- [sERPent] [main] o.f.core.internal.command.DbMigrate      : Migrating schema "public" to version "8 - add product transformations"
2026-09-08T23:45:30.591-03:00  INFO 27004 --- [sERPent] [main] o.f.core.internal.command.DbMigrate      : Migrating schema "public" to version "9 - add unit of measure to products"
2026-09-08T23:45:30.599-03:00  INFO 27004 --- [sERPent] [main] o.f.core.internal.command.DbMigrate      : Migrating schema "public" to version "10 - add client sync commands"
2026-09-08T23:45:30.609-03:00  INFO 27004 --- [sERPent] [main] o.f.core.internal.command.DbMigrate      : Migrating schema "public" to version "11 - add product barcode"
2026-09-08T23:45:30.619-03:00  INFO 27004 --- [sERPent] [main] o.f.core.internal.command.DbMigrate      : Migrating schema "public" to version "12 - seed admin user"
2026-09-08T23:45:30.620-03:00  INFO 27004 --- [sERPent] [main] o.f.core.internal.command.DbMigrate      : Migrating schema "public" to version "13 - add warehouse to sales"
2026-09-08T23:45:30.632-03:00  INFO 27004 --- [sERPent] [main] o.f.core.internal.command.DbMigrate      : Migrating schema "public" to version "14 - allow negative amounts for returns"
2026-09-08T23:45:30.645-03:00  INFO 27004 --- [sERPent] [main] o.f.core.internal.command.DbMigrate      : Migrating schema "public" to version "15 - add sale adjustment"
2026-09-08T23:45:30.649-03:00  INFO 27004 --- [sERPent] [main] o.f.core.internal.command.DbMigrate      : Migrating schema "public" to version "16 - add product payment adjustments"
2026-09-08T23:45:30.659-03:00  INFO 27004 --- [sERPent] [main] o.f.core.internal.command.DbMigrate      : Migrating schema "public" to version "17 - add line payment adjustment breakdown"
2026-09-08T23:45:30.669-03:00  INFO 27004 --- [sERPent] [main] o.f.core.internal.command.DbMigrate      : Migrating schema "public" to version "18 - add product barcode unique"
2026-09-08T23:45:30.676-03:00  INFO 27004 --- [sERPent] [main] o.f.core.internal.command.DbMigrate      : Migrating schema "public" to version "19 - add user warehouses"
2026-09-08T23:45:30.684-03:00  INFO 27004 --- [sERPent] [main] o.f.core.internal.command.DbMigrate      : Migrating schema "public" to version "20 - add terminals"
2026-09-08T23:45:30.690-03:00  INFO 27004 --- [sERPent] [main] o.f.core.internal.command.DbMigrate      : Migrating schema "public" to version "21 - add product warehouse minimum stock"
2026-09-08T23:45:30.701-03:00  INFO 27004 --- [sERPent] [main] o.f.core.internal.command.DbMigrate      : Migrating schema "public" to version "22 - add current account"
2026-09-08T23:45:30.739-03:00  INFO 27004 --- [sERPent] [main] o.f.core.internal.command.DbMigrate      : Migrating schema "public" to version "23 - add expense warehouse"
2026-09-08T23:45:30.741-03:00  INFO 27004 --- [sERPent] [main] o.f.core.internal.command.DbMigrate      : Migrating schema "public" to version "24 - add user role"
2026-09-08T23:45:30.756-03:00  INFO 27004 --- [sERPent] [main] o.f.core.internal.command.DbMigrate      : Migrating schema "public" to version "25 - add cash count"
2026-09-08T23:45:30.787-03:00  INFO 27004 --- [sERPent] [main] o.f.core.internal.command.DbMigrate      : Migrating schema "public" to version "26 - product suppliers and warehouse reorder"
2026-09-08T23:45:30.794-03:00  INFO 27004 --- [sERPent] [main] o.f.core.internal.command.DbMigrate      : Migrating schema "public" to version "27 - add scale barcode formats"
2026-09-08T23:45:30.810-03:00  INFO 27004 --- [sERPent] [main] o.f.core.internal.command.DbMigrate      : Migrating schema "public" to version "28 - movement origin as data"
2026-09-08T23:45:30.820-03:00  INFO 27004 --- [sERPent] [main] o.f.core.internal.command.DbMigrate      : Migrating schema "public" to version "29 - transaction description only what a person wrote"
2026-09-08T23:45:30.824-03:00  INFO 27004 --- [sERPent] [main] o.f.core.internal.command.DbMigrate      : Migrating schema "public" to version "30 - clear generated movement notes"
2026-09-08T23:45:30.831-03:00  INFO 27004 --- [sERPent] [main] o.f.core.internal.command.DbMigrate      : Migrating schema "public" to version "31 - reason lives in the transaction"
2026-09-08T23:45:30.839-03:00  INFO 27004 --- [sERPent] [main] o.f.core.internal.command.DbMigrate      : Migrating schema "public" to version "32 - drop dead transaction detail on movements"
2026-09-08T23:45:30.849-03:00  INFO 27004 --- [sERPent] [main] o.f.core.internal.command.DbMigrate      : Migrating schema "public" to version "40 - common migrations start here"
2026-09-08T23:45:30.859-03:00  INFO 27004 --- [sERPent] [main] o.f.core.internal.command.DbMigrate      : Successfully applied 33 migrations to schema "public", now at version v40 (execution time 00:00.344s)
2026-09-08T23:45:30.988-03:00  INFO 27004 --- [sERPent] [main] o.hibernate.jpa.internal.util.LogHelper  : HHH000204: Processing PersistenceUnitInfo [name: default]
2026-09-08T23:45:31.031-03:00  INFO 27004 --- [sERPent] [main] org.hibernate.Version                    : HHH000412: Hibernate ORM core version 6.6.4.Final
2026-09-08T23:45:31.058-03:00  INFO 27004 --- [sERPent] [main] o.h.c.internal.RegionFactoryInitiator    : HHH000026: Second-level cache disabled
2026-09-08T23:45:31.283-03:00  INFO 27004 --- [sERPent] [main] o.s.o.j.p.SpringPersistenceUnitInfo      : No LoadTimeWeaver setup: ignoring JPA class transformer
2026-09-08T23:45:31.328-03:00  WARN 27004 --- [sERPent] [main] org.hibernate.orm.deprecation            : HHH90000025: PostgreSQLDialect does not need to be specified explicitly using 'hibernate.dialect' (remove the property setting and it will be selected by default)
2026-09-08T23:45:31.339-03:00  INFO 27004 --- [sERPent] [main] org.hibernate.orm.connections.pooling    : HHH10001005: Database info:
	Database JDBC URL [Connecting through datasource 'HikariDataSource (HikariPool-1)']
	Database driver: undefined/unknown
	Database version: 17.6
	Autocommit mode: undefined/unknown
	Isolation level: undefined/unknown
	Minimum pool size: undefined/unknown
	Maximum pool size: undefined/unknown
2026-09-08T23:45:32.494-03:00  INFO 27004 --- [sERPent] [main] o.h.e.t.j.p.i.JtaPlatformInitiator       : HHH000489: No JTA platform available (set 'hibernate.transaction.jta.platform' to enable JTA platform integration)
2026-09-08T23:45:32.533-03:00  INFO 27004 --- [sERPent] [main] j.LocalContainerEntityManagerFactoryBean : Initialized JPA EntityManagerFactory for persistence unit 'default'
2026-09-08T23:45:32.699-03:00  INFO 27004 --- [sERPent] [main] o.s.d.j.r.query.QueryEnhancerFactory     : Hibernate is in classpath; If applicable, HQL parser will be used.
2026-09-08T23:45:34.364-03:00  INFO 27004 --- [sERPent] [main] eAuthenticationProviderManagerConfigurer : Global AuthenticationManager configured with AuthenticationProvider bean with name authenticationProvider
2026-09-08T23:45:34.364-03:00  WARN 27004 --- [sERPent] [main] r$InitializeUserDetailsManagerConfigurer : Global AuthenticationManager configured with an AuthenticationProvider bean. UserDetailsService beans will not be used by Spring Security for automatically configuring username/password login. Consider removing the AuthenticationProvider bean. Alternatively, consider using the UserDetailsService in a manually instantiated DaoAuthenticationProvider. If the current configuration is intentional, to turn off this warning, increase the logging level of 'org.springframework.security.config.annotation.authentication.configuration.InitializeUserDetailsBeanManagerConfigurer' to ERROR
2026-09-08T23:45:39.109-03:00  WARN 27004 --- [sERPent] [main] JpaBaseConfiguration$JpaWebConfiguration : spring.jpa.open-in-view is enabled by default. Therefore, database queries may be performed during view rendering. Explicitly configure spring.jpa.open-in-view to disable this warning
2026-09-08T23:45:39.856-03:00  INFO 27004 --- [sERPent] [main] o.s.b.w.embedded.tomcat.TomcatWebServer  : Tomcat started on port 8080 (http) with context path '/'
2026-09-08T23:45:39.859-03:00  INFO 27004 --- [sERPent] [main] com.sERPentApplication                   : Started sERPentApplication in 12.467 seconds (process running for 12.954)
2026-09-08T23:45:39.859-03:00  WARN 27004 --- [sERPent] [main] o.s.core.events.SpringDocAppInitializer  : SpringDoc /v3/api-docs endpoint is enabled by default. To disable it in production, set the property 'springdoc.api-docs.enabled=false'
